<pre style="font-size:14px;color:#f8f8f2;background-color:#272822;"><code><span style="display:flex;"><span><span style="color:#66d9ef">public</span> <span style="color:#66d9ef">class</span> <span style="color:#a6e22e">HelloWorld</span> {
</span></span><span style="display:flex;"><span>    <span style="color:#66d9ef">public</span> <span style="color:#66d9ef">static</span> <span style="color:#66d9ef">void</span> <span style="color:#a6e22e">main</span>(String<span style="color:#f92672">[</span><span style="color:#f92672">]</span> args) {
</span></span><span style="display:flex;"><span>        String name <span style="color:#f92672">=</span> <span style="color:#e6db74">&#34;</span><span style="color:#e6db74">World</span><span style="color:#e6db74">&#34;</span>;
</span></span><span style="display:flex;"><span>        <span style="color:#66d9ef">if</span> (args.<span style="color:#a6e22e">length</span> <span style="color:#f92672">&gt;</span> 0) {
</span></span><span style="display:flex;"><span>            name <span style="color:#f92672">=</span> args<span style="color:#f92672">[</span>0<span style="color:#f92672">]</span>;
</span></span><span style="display:flex;"><span>        }
</span></span><span style="display:flex;"><span>        System.<span style="color:#a6e22e">out</span>.<span style="color:#a6e22e">println</span>(<span style="color:#e6db74">&#34;</span><span style="color:#e6db74">Hello, </span><span style="color:#e6db74">&#34;</span> <span style="color:#f92672">+</span> name <span style="color:#f92672">+</span> <span style="color:#e6db74">&#34;</span><span style="color:#e6db74">!</span><span style="color:#e6db74">&#34;</span>);
</span></span><span style="display:flex;"><span>        <span style="color:#66d9ef">for</span> (<span style="color:#66d9ef">int</span> i <span style="color:#f92672">=</span> 0; i <span style="color:#f92672">&lt;</span> 3; i<span style="color:#f92672">+</span><span style="color:#f92672">+</span>) {
</span></span><span style="display:flex;"><span>            System.<span style="color:#a6e22e">out</span>.<span style="color:#a6e22e">println</span>(<span style="color:#e6db74">&#34;</span><span style="color:#e6db74">Count: </span><span style="color:#e6db74">&#34;</span> <span style="color:#f92672">+</span> i);
</span></span><span style="display:flex;"><span>        }
</span></span><span style="display:flex;"><span>    }
</span></span><span style="display:flex;"><span>}
</span></span></code></pre>