<pre style="font-size:14px;color:#f8f8f2;background-color:#272822;"><code><span style="display:flex;"><span><span style="color:#66d9ef">interface</span> <span style="color:#a6e22e">User</span> {
</span></span><span style="display:flex;"><span>  <span style="color:#a6e22e">id</span>: <span style="color:#66d9ef">number</span>;
</span></span><span style="display:flex;"><span>  <span style="color:#a6e22e">name</span>: <span style="color:#66d9ef">string</span>;
</span></span><span style="display:flex;"><span>  <span style="color:#a6e22e">email</span>: <span style="color:#66d9ef">string</span>;
</span></span><span style="display:flex;"><span>  <span style="color:#a6e22e">age?</span>: <span style="color:#66d9ef">number</span>;
</span></span><span style="display:flex;"><span>}
</span></span><span style="display:flex;"><span>
</span></span><span style="display:flex;"><span><span style="color:#66d9ef">type</span> <span style="color:#a6e22e">UserRole</span> <span style="color:#f92672">=</span> <span style="color:#e6db74">&#34;admin&#34;</span> <span style="color:#f92672">|</span> <span style="color:#e6db74">&#34;user&#34;</span> <span style="color:#f92672">|</span> <span style="color:#e6db74">&#34;guest&#34;</span>;
</span></span><span style="display:flex;"><span>
</span></span><span style="display:flex;"><span><span style="color:#66d9ef">function</span> <span style="color:#a6e22e">greetUser</span>(<span style="color:#a6e22e">user</span>: <span style="color:#66d9ef">User</span>)<span style="color:#f92672">:</span> <span style="color:#66d9ef">string</span> {
</span></span><span style="display:flex;"><span>  <span style="color:#66d9ef">return</span> <span style="color:#e6db74">`</span><span style="color:#e6db74">Hello, </span><span style="color:#e6db74">${</span><span style="color:#a6e22e">user</span>.<span style="color:#a6e22e">name</span><span style="color:#e6db74">}</span><span style="color:#e6db74">!</span><span style="color:#e6db74">`</span>;
</span></span><span style="display:flex;"><span>}
</span></span><span style="display:flex;"><span>
</span></span><span style="display:flex;"><span><span style="color:#66d9ef">const</span> <span style="color:#a6e22e">alice</span>: <span style="color:#66d9ef">User</span> <span style="color:#f92672">=</span> {
</span></span><span style="display:flex;"><span>  <span style="color:#a6e22e">id</span>: <span style="color:#66d9ef">1</span>,
</span></span><span style="display:flex;"><span>  <span style="color:#a6e22e">name</span><span style="color:#f92672">:</span> <span style="color:#e6db74">&#34;Alice&#34;</span>,
</span></span><span style="display:flex;"><span>  <span style="color:#a6e22e">email</span><span style="color:#f92672">:</span> <span style="color:#e6db74">&#34;alice@example.com&#34;</span>,
</span></span><span style="display:flex;"><span>  <span style="color:#a6e22e">age</span>: <span style="color:#66d9ef">30</span>,
</span></span><span style="display:flex;"><span>};
</span></span><span style="display:flex;"><span>
</span></span><span style="display:flex;"><span><span style="color:#66d9ef">class</span> <span style="color:#a6e22e">UserService</span> {
</span></span><span style="display:flex;"><span>  <span style="color:#66d9ef">private</span> <span style="color:#a6e22e">users</span>: <span style="color:#66d9ef">User</span>[] <span style="color:#f92672">=</span> [];
</span></span><span style="display:flex;"><span>
</span></span><span style="display:flex;"><span>  <span style="color:#a6e22e">addUser</span>(<span style="color:#a6e22e">user</span>: <span style="color:#66d9ef">User</span>)<span style="color:#f92672">:</span> <span style="color:#66d9ef">void</span> {
</span></span><span style="display:flex;"><span>    <span style="color:#66d9ef">this</span>.<span style="color:#a6e22e">users</span>.<span style="color:#a6e22e">push</span>(<span style="color:#a6e22e">user</span>);
</span></span><span style="display:flex;"><span>  }
</span></span><span style="display:flex;"><span>
</span></span><span style="display:flex;"><span>  <span style="color:#a6e22e">findById</span>(<span style="color:#a6e22e">id</span>: <span style="color:#66d9ef">number</span>)<span style="color:#f92672">:</span> <span style="color:#a6e22e">User</span> <span style="color:#f92672">|</span> <span style="color:#66d9ef">undefined</span> {
</span></span><span style="display:flex;"><span>    <span style="color:#66d9ef">return</span> <span style="color:#66d9ef">this</span>.<span style="color:#a6e22e">users</span>.<span style="color:#a6e22e">find</span>((<span style="color:#a6e22e">u</span>) <span style="color:#f92672">=</span><span style="color:#f92672">&gt;</span> <span style="color:#a6e22e">u</span>.<span style="color:#a6e22e">id</span> <span style="color:#f92672">===</span> <span style="color:#a6e22e">id</span>);
</span></span><span style="display:flex;"><span>  }
</span></span><span style="display:flex;"><span>
</span></span><span style="display:flex;"><span>  <span style="color:#a6e22e">getAllUsers</span>()<span style="color:#f92672">:</span> <span style="color:#a6e22e">User</span>[] {
</span></span><span style="display:flex;"><span>    <span style="color:#66d9ef">return</span> [...<span style="color:#66d9ef">this</span>.<span style="color:#a6e22e">users</span>];
</span></span><span style="display:flex;"><span>  }
</span></span><span style="display:flex;"><span>}
</span></span><span style="display:flex;"><span>
</span></span><span style="display:flex;"><span><span style="color:#a6e22e">console</span>.<span style="color:#a6e22e">log</span>(<span style="color:#a6e22e">greetUser</span>(<span style="color:#a6e22e">alice</span>));
</span></span></code></pre>