<pre style="font-size:14px;color:#f8f8f2;background-color:#272822;"><code><span style="display:flex;"><span><span style="color:#66d9ef">struct</span> <span style="color:#a6e22e">Person</span> {
</span></span><span style="display:flex;"><span>    name: String,
</span></span><span style="display:flex;"><span>    age: <span style="color:#66d9ef">u32</span>,
</span></span><span style="display:flex;"><span>}
</span></span><span style="display:flex;"><span><span style="color:#66d9ef">impl</span> Person {
</span></span><span style="display:flex;"><span>    <span style="color:#66d9ef">fn</span> <span style="color:#a6e22e">new</span>(name: <span style="color:#66d9ef">&amp;</span><span style="color:#66d9ef">str</span>, age: <span style="color:#66d9ef">u32</span>) -&gt; <span style="color:#a6e22e">Self</span> {
</span></span><span style="display:flex;"><span>        Person {
</span></span><span style="display:flex;"><span>            name: <span style="color:#a6e22e">name</span>.to_string(),
</span></span><span style="display:flex;"><span>            age,
</span></span><span style="display:flex;"><span>        }
</span></span><span style="display:flex;"><span>    }
</span></span><span style="display:flex;"><span>    <span style="color:#66d9ef">fn</span> <span style="color:#a6e22e">greet</span>(<span style="color:#f92672">&amp;</span>self) -&gt; String {
</span></span><span style="display:flex;"><span>        format!(<span style="color:#e6db74">&#34;</span><span style="color:#e6db74">Hello, my name is </span><span style="color:#e6db74">{}</span><span style="color:#e6db74"> and I am </span><span style="color:#e6db74">{}</span><span style="color:#e6db74"> years old.</span><span style="color:#e6db74">&#34;</span>, self.name, self.age)
</span></span><span style="display:flex;"><span>    }
</span></span><span style="display:flex;"><span>    <span style="color:#66d9ef">fn</span> <span style="color:#a6e22e">birthday</span>(<span style="color:#f92672">&amp;</span><span style="color:#66d9ef">mut</span> self) {
</span></span><span style="display:flex;"><span>        self.age <span style="color:#f92672">+</span><span style="color:#f92672">=</span> <span style="color:#ae81ff">1</span>;
</span></span><span style="display:flex;"><span>    }
</span></span><span style="display:flex;"><span>}
</span></span><span style="display:flex;"><span><span style="color:#66d9ef">fn</span> <span style="color:#a6e22e">add</span>(a: <span style="color:#66d9ef">i32</span>, b: <span style="color:#66d9ef">i32</span>) -&gt; <span style="color:#66d9ef">i32</span> {
</span></span><span style="display:flex;"><span>    a <span style="color:#f92672">+</span> b
</span></span><span style="display:flex;"><span>}
</span></span><span style="display:flex;"><span><span style="color:#66d9ef">fn</span> <span style="color:#a6e22e">factorial</span>(n: <span style="color:#66d9ef">u64</span>) -&gt; <span style="color:#66d9ef">u64</span> {
</span></span><span style="display:flex;"><span>    <span style="color:#66d9ef">if</span> n <span style="color:#f92672">&lt;</span><span style="color:#f92672">=</span> <span style="color:#ae81ff">1</span> { <span style="color:#ae81ff">1</span> } <span style="color:#66d9ef">else</span> { n <span style="color:#f92672">*</span> factorial(n <span style="color:#f92672">-</span> <span style="color:#ae81ff">1</span>) }
</span></span><span style="display:flex;"><span>}
</span></span><span style="display:flex;"><span><span style="color:#66d9ef">fn</span> <span style="color:#a6e22e">main</span>() {
</span></span><span style="display:flex;"><span>    <span style="color:#66d9ef">let</span> <span style="color:#66d9ef">mut</span> person <span style="color:#f92672">=</span> Person::new(<span style="color:#e6db74">&#34;</span><span style="color:#e6db74">Alice</span><span style="color:#e6db74">&#34;</span>, <span style="color:#ae81ff">30</span>);
</span></span><span style="display:flex;"><span>    println!(<span style="color:#e6db74">&#34;</span><span style="color:#e6db74">{}</span><span style="color:#e6db74">&#34;</span>, person.greet());
</span></span><span style="display:flex;"><span>    person.birthday();
</span></span><span style="display:flex;"><span>    println!(<span style="color:#e6db74">&#34;</span><span style="color:#e6db74">After birthday: </span><span style="color:#e6db74">{}</span><span style="color:#e6db74"> is now </span><span style="color:#e6db74">{}</span><span style="color:#e6db74">&#34;</span>, person.name, person.age);
</span></span><span style="display:flex;"><span>    println!(<span style="color:#e6db74">&#34;</span><span style="color:#e6db74">5 + 3 = </span><span style="color:#e6db74">{}</span><span style="color:#e6db74">&#34;</span>, add(<span style="color:#ae81ff">5</span>, <span style="color:#ae81ff">3</span>));
</span></span><span style="display:flex;"><span>    println!(<span style="color:#e6db74">&#34;</span><span style="color:#e6db74">Factorial of 5: </span><span style="color:#e6db74">{}</span><span style="color:#e6db74">&#34;</span>, factorial(<span style="color:#ae81ff">5</span>));
</span></span><span style="display:flex;"><span>}
</span></span></code></pre>