<pre style="font-size:14px;color:#f8f8f2;background-color:#272822;"><code><span style="display:flex;"><span><span style="color:#a6e22e">app.author</span><span style="color:#f92672">=</span><span style="color:#e6db74">John Doe</span>
</span></span><span style="display:flex;"><span><span style="color:#a6e22e">app.name</span><span style="color:#f92672">=</span><span style="color:#e6db74">MyApp</span>
</span></span><span style="display:flex;"><span><span style="color:#a6e22e">app.version</span><span style="color:#f92672">=</span><span style="color:#e6db74">1.0.0</span>
</span></span><span style="display:flex;"><span><span style="color:#a6e22e">cache.ttl</span><span style="color:#f92672">=</span><span style="color:#e6db74">300</span>
</span></span><span style="display:flex;"><span><span style="color:#a6e22e">cache.type</span><span style="color:#f92672">=</span><span style="color:#e6db74">redis</span>
</span></span><span style="display:flex;"><span><span style="color:#a6e22e">database.enabled</span><span style="color:#f92672">=</span><span style="color:#e6db74">true</span>
</span></span><span style="display:flex;"><span><span style="color:#a6e22e">database.port</span><span style="color:#f92672">=</span><span style="color:#e6db74">5432</span>
</span></span><span style="display:flex;"><span><span style="color:#a6e22e">database.server</span><span style="color:#f92672">=</span><span style="color:#e6db74">192.168.1.1</span>
</span></span></code></pre>