<pre style="font-size:14px;color:#f8f8f2;background-color:#272822;"><code><span style="display:flex;"><span><span style="color:#75715e">#!/bin/bash
</span></span></span><span style="display:flex;"><span><span style="color:#75715e"></span><span style="color:#75715e"># Shell test script</span>
</span></span><span style="display:flex;"><span>NAME<span style="color:#f92672">=</span><span style="color:#e6db74">&#34;world&#34;</span>
</span></span><span style="display:flex;"><span><span style="color:#66d9ef">if</span> <span style="color:#f92672">[</span> <span style="color:#e6db74">&#34;</span>$NAME<span style="color:#e6db74">&#34;</span> <span style="color:#f92672">=</span> <span style="color:#e6db74">&#34;world&#34;</span> <span style="color:#f92672">]</span>; <span style="color:#66d9ef">then</span>
</span></span><span style="display:flex;"><span>  echo <span style="color:#e6db74">&#34;</span><span style="color:#e6db74">Hello, </span>$NAME<span style="color:#e6db74">!</span><span style="color:#e6db74">&#34;</span>
</span></span><span style="display:flex;"><span>  <span style="color:#66d9ef">for</span> i in <span style="color:#ae81ff">1</span> <span style="color:#ae81ff">2</span> 3; <span style="color:#66d9ef">do</span>
</span></span><span style="display:flex;"><span>    echo <span style="color:#e6db74">&#34;</span><span style="color:#e6db74">Number: </span>$i<span style="color:#e6db74">&#34;</span>
</span></span><span style="display:flex;"><span>  <span style="color:#66d9ef">done</span>
</span></span><span style="display:flex;"><span><span style="color:#66d9ef">fi</span>
</span></span><span style="display:flex;"><span>greet<span style="color:#f92672">(</span><span style="color:#f92672">)</span> <span style="color:#f92672">{</span>
</span></span><span style="display:flex;"><span>  echo <span style="color:#e6db74">&#34;</span><span style="color:#e6db74">Hi, </span>$1<span style="color:#e6db74">!</span><span style="color:#e6db74">&#34;</span>
</span></span><span style="display:flex;"><span><span style="color:#f92672">}</span>
</span></span><span style="display:flex;"><span>greet <span style="color:#e6db74">&#34;Formtter&#34;</span>
</span></span></code></pre>