<pre style="font-size:14px;color:#f8f8f2;background-color:#272822;"><code><span style="display:flex;"><span><span style="color:#f92672">package</span> <span style="color:#a6e22e">main</span>
</span></span><span style="display:flex;"><span>
</span></span><span style="display:flex;"><span><span style="color:#f92672">import</span> <span style="color:#e6db74">&#34;fmt&#34;</span>
</span></span><span style="display:flex;"><span>
</span></span><span style="display:flex;"><span><span style="color:#66d9ef">func</span> <span style="color:#a6e22e">main</span>() {
</span></span><span style="display:flex;"><span>	<span style="color:#a6e22e">x</span> <span style="color:#f92672">:=</span> <span style="color:#ae81ff">1</span>
</span></span><span style="display:flex;"><span>	<span style="color:#a6e22e">y</span> <span style="color:#f92672">:=</span> <span style="color:#ae81ff">2</span>
</span></span><span style="display:flex;"><span>	<span style="color:#a6e22e">fmt</span>.<span style="color:#a6e22e">Println</span>(<span style="color:#e6db74">&#34;sum:&#34;</span>, <span style="color:#a6e22e">x</span><span style="color:#f92672">+</span><span style="color:#a6e22e">y</span>)
</span></span><span style="display:flex;"><span>	<span style="color:#66d9ef">if</span> <span style="color:#a6e22e">x</span> &gt; <span style="color:#ae81ff">0</span> {
</span></span><span style="display:flex;"><span>		<span style="color:#a6e22e">fmt</span>.<span style="color:#a6e22e">Println</span>(<span style="color:#e6db74">&#34;positive&#34;</span>)
</span></span><span style="display:flex;"><span>	}
</span></span><span style="display:flex;"><span>}
</span></span></code></pre>