<pre style="font-size:14px;color:#f8f8f2;background-color:#272822;"><code><span style="display:flex;"><span><span style="color:#75715e">&lt;?xml version=&#34;1.0&#34; encoding=&#34;UTF-8&#34;?&gt;</span>
</span></span><span style="display:flex;"><span><span style="color:#f92672">&lt;project</span><span style="color:#f92672">&gt;</span>
</span></span><span style="display:flex;"><span>  <span style="color:#f92672">&lt;name</span><span style="color:#f92672">&gt;</span>formatter<span style="color:#f92672">&lt;/name&gt;</span>
</span></span><span style="display:flex;"><span>  <span style="color:#f92672">&lt;version</span><span style="color:#f92672">&gt;</span>3.0<span style="color:#f92672">&lt;/version&gt;</span>
</span></span><span style="display:flex;"><span>  <span style="color:#f92672">&lt;dependencies</span><span style="color:#f92672">&gt;</span>
</span></span><span style="display:flex;"><span>    <span style="color:#f92672">&lt;dependency</span><span style="color:#f92672">&gt;</span>
</span></span><span style="display:flex;"><span>      <span style="color:#f92672">&lt;groupId</span><span style="color:#f92672">&gt;</span>com.example<span style="color:#f92672">&lt;/groupId&gt;</span>
</span></span><span style="display:flex;"><span>      <span style="color:#f92672">&lt;artifactId</span><span style="color:#f92672">&gt;</span>core<span style="color:#f92672">&lt;/artifactId&gt;</span>
</span></span><span style="display:flex;"><span>      <span style="color:#f92672">&lt;version</span><span style="color:#f92672">&gt;</span>1.0.0<span style="color:#f92672">&lt;/version&gt;</span>
</span></span><span style="display:flex;"><span>    <span style="color:#f92672">&lt;/dependency&gt;</span>
</span></span><span style="display:flex;"><span>  <span style="color:#f92672">&lt;/dependencies&gt;</span>
</span></span><span style="display:flex;"><span>  <span style="color:#f92672">&lt;build</span><span style="color:#f92672">&gt;</span>
</span></span><span style="display:flex;"><span>    <span style="color:#f92672">&lt;plugins</span><span style="color:#f92672">&gt;</span>
</span></span><span style="display:flex;"><span>      <span style="color:#f92672">&lt;plugin</span><span style="color:#f92672">&gt;</span>
</span></span><span style="display:flex;"><span>        <span style="color:#f92672">&lt;groupId</span><span style="color:#f92672">&gt;</span>org.apache.maven.plugins<span style="color:#f92672">&lt;/groupId&gt;</span>
</span></span><span style="display:flex;"><span>        <span style="color:#f92672">&lt;artifactId</span><span style="color:#f92672">&gt;</span>maven-compiler-plugin<span style="color:#f92672">&lt;/artifactId&gt;</span>
</span></span><span style="display:flex;"><span>      <span style="color:#f92672">&lt;/plugin&gt;</span>
</span></span><span style="display:flex;"><span>    <span style="color:#f92672">&lt;/plugins&gt;</span>
</span></span><span style="display:flex;"><span>  <span style="color:#f92672">&lt;/build&gt;</span>
</span></span><span style="display:flex;"><span><span style="color:#f92672">&lt;/project&gt;</span>
</span></span></code></pre>