<pre style="font-size:14px;color:#f8f8f2;background-color:#272822;"><code><span style="display:flex;"><span><span style="color:#66d9ef">def</span> <span style="color:#a6e22e">greet</span>(name: str) <span style="color:#f92672">-</span><span style="color:#f92672">&gt;</span> str:
</span></span><span style="display:flex;"><span>    <span style="color:#66d9ef">return</span> <span style="color:#e6db74">f</span><span style="color:#e6db74">&#34;</span><span style="color:#e6db74">Hello, </span><span style="color:#e6db74">{</span>name<span style="color:#e6db74">}</span><span style="color:#e6db74">!</span><span style="color:#e6db74">&#34;</span>
</span></span><span style="display:flex;"><span>
</span></span><span style="display:flex;"><span>
</span></span><span style="display:flex;"><span><span style="color:#66d9ef">class</span> <span style="color:#a6e22e">Animal</span>:
</span></span><span style="display:flex;"><span>    <span style="color:#66d9ef">def</span> __init__(self, name: str, species: str):
</span></span><span style="display:flex;"><span>        self<span style="color:#f92672">.</span>name <span style="color:#f92672">=</span> name
</span></span><span style="display:flex;"><span>        self<span style="color:#f92672">.</span>species <span style="color:#f92672">=</span> species
</span></span><span style="display:flex;"><span>
</span></span><span style="display:flex;"><span>    <span style="color:#66d9ef">def</span> <span style="color:#a6e22e">speak</span>(self) <span style="color:#f92672">-</span><span style="color:#f92672">&gt;</span> str:
</span></span><span style="display:flex;"><span>        <span style="color:#66d9ef">return</span> <span style="color:#e6db74">f</span><span style="color:#e6db74">&#34;</span><span style="color:#e6db74">{</span>self<span style="color:#f92672">.</span>name<span style="color:#e6db74">}</span><span style="color:#e6db74"> makes a sound.</span><span style="color:#e6db74">&#34;</span>
</span></span><span style="display:flex;"><span>
</span></span><span style="display:flex;"><span>    <span style="color:#66d9ef">def</span> __str__(self) <span style="color:#f92672">-</span><span style="color:#f92672">&gt;</span> str:
</span></span><span style="display:flex;"><span>        <span style="color:#66d9ef">return</span> <span style="color:#e6db74">f</span><span style="color:#e6db74">&#34;</span><span style="color:#e6db74">{</span>self<span style="color:#f92672">.</span>name<span style="color:#e6db74">}</span><span style="color:#e6db74"> (</span><span style="color:#e6db74">{</span>self<span style="color:#f92672">.</span>species<span style="color:#e6db74">}</span><span style="color:#e6db74">)</span><span style="color:#e6db74">&#34;</span>
</span></span><span style="display:flex;"><span>
</span></span><span style="display:flex;"><span>
</span></span><span style="display:flex;"><span><span style="color:#66d9ef">class</span> <span style="color:#a6e22e">Dog</span>(Animal):
</span></span><span style="display:flex;"><span>    <span style="color:#66d9ef">def</span> __init__(self, name: str, breed: str):
</span></span><span style="display:flex;"><span>        super()<span style="color:#f92672">.</span>__init__(name, <span style="color:#e6db74"></span><span style="color:#e6db74">&#34;</span><span style="color:#e6db74">Dog</span><span style="color:#e6db74">&#34;</span>)
</span></span><span style="display:flex;"><span>        self<span style="color:#f92672">.</span>breed <span style="color:#f92672">=</span> breed
</span></span><span style="display:flex;"><span>
</span></span><span style="display:flex;"><span>    <span style="color:#66d9ef">def</span> <span style="color:#a6e22e">speak</span>(self) <span style="color:#f92672">-</span><span style="color:#f92672">&gt;</span> str:
</span></span><span style="display:flex;"><span>        <span style="color:#66d9ef">return</span> <span style="color:#e6db74">f</span><span style="color:#e6db74">&#34;</span><span style="color:#e6db74">{</span>self<span style="color:#f92672">.</span>name<span style="color:#e6db74">}</span><span style="color:#e6db74"> barks: Woof!</span><span style="color:#e6db74">&#34;</span>
</span></span><span style="display:flex;"><span>
</span></span><span style="display:flex;"><span>    <span style="color:#66d9ef">def</span> <span style="color:#a6e22e">fetch</span>(self) <span style="color:#f92672">-</span><span style="color:#f92672">&gt;</span> str:
</span></span><span style="display:flex;"><span>        <span style="color:#66d9ef">return</span> <span style="color:#e6db74">f</span><span style="color:#e6db74">&#34;</span><span style="color:#e6db74">{</span>self<span style="color:#f92672">.</span>name<span style="color:#e6db74">}</span><span style="color:#e6db74"> is fetching the ball.</span><span style="color:#e6db74">&#34;</span>
</span></span><span style="display:flex;"><span>
</span></span><span style="display:flex;"><span>
</span></span><span style="display:flex;"><span><span style="color:#66d9ef">def</span> <span style="color:#a6e22e">calculate_factorial</span>(n: int) <span style="color:#f92672">-</span><span style="color:#f92672">&gt;</span> int:
</span></span><span style="display:flex;"><span>    <span style="color:#66d9ef">if</span> n <span style="color:#f92672">&lt;</span><span style="color:#f92672">=</span> <span style="color:#ae81ff">1</span>:
</span></span><span style="display:flex;"><span>        <span style="color:#66d9ef">return</span> <span style="color:#ae81ff">1</span>
</span></span><span style="display:flex;"><span>    <span style="color:#66d9ef">return</span> n <span style="color:#f92672">*</span> calculate_factorial(n <span style="color:#f92672">-</span> <span style="color:#ae81ff">1</span>)
</span></span><span style="display:flex;"><span>
</span></span><span style="display:flex;"><span>
</span></span><span style="display:flex;"><span><span style="color:#66d9ef">if</span> __name__ <span style="color:#f92672">==</span> <span style="color:#e6db74"></span><span style="color:#e6db74">&#34;</span><span style="color:#e6db74">__main__</span><span style="color:#e6db74">&#34;</span>:
</span></span><span style="display:flex;"><span>    dog <span style="color:#f92672">=</span> Dog(<span style="color:#e6db74"></span><span style="color:#e6db74">&#34;</span><span style="color:#e6db74">Buddy</span><span style="color:#e6db74">&#34;</span>, <span style="color:#e6db74"></span><span style="color:#e6db74">&#34;</span><span style="color:#e6db74">Golden Retriever</span><span style="color:#e6db74">&#34;</span>)
</span></span><span style="display:flex;"><span>    print(greet(dog<span style="color:#f92672">.</span>name))
</span></span><span style="display:flex;"><span>    print(dog<span style="color:#f92672">.</span>speak())
</span></span><span style="display:flex;"><span>    print(<span style="color:#e6db74">f</span><span style="color:#e6db74">&#34;</span><span style="color:#e6db74">Factorial of 5: </span><span style="color:#e6db74">{</span>calculate_factorial(<span style="color:#ae81ff">5</span>)<span style="color:#e6db74">}</span><span style="color:#e6db74">&#34;</span>)
</span></span></code></pre>