<pre style="font-size:14px;color:#f8f8f2;background-color:#272822;"><code><span style="display:flex;"><span><span style="color:#f92672">body</span> {
</span></span><span style="display:flex;"><span>  <span style="color:#66d9ef">font-family</span>: Arial, <span style="color:#66d9ef">sans-serif</span>;
</span></span><span style="display:flex;"><span>  <span style="color:#66d9ef">margin</span>: <span style="color:#ae81ff">0</span>;
</span></span><span style="display:flex;"><span>  <span style="color:#66d9ef">padding</span>: <span style="color:#ae81ff">0</span>;
</span></span><span style="display:flex;"><span>  <span style="color:#66d9ef">background-color</span>: <span style="color:#ae81ff">#f5f5f5</span>;
</span></span><span style="display:flex;"><span>  <span style="color:#66d9ef">color</span>: <span style="color:#ae81ff">#333</span>;
</span></span><span style="display:flex;"><span>}
</span></span><span style="display:flex;"><span>
</span></span><span style="display:flex;"><span><span style="color:#f92672">h1</span> {
</span></span><span style="display:flex;"><span>  <span style="color:#66d9ef">font-size</span>: <span style="color:#ae81ff">2</span><span style="color:#66d9ef">rem</span>;
</span></span><span style="display:flex;"><span>  <span style="color:#66d9ef">color</span>: <span style="color:#ae81ff">#2c3e50</span>;
</span></span><span style="display:flex;"><span>  <span style="color:#66d9ef">margin-bottom</span>: <span style="color:#ae81ff">1</span><span style="color:#66d9ef">rem</span>;
</span></span><span style="display:flex;"><span>}
</span></span><span style="display:flex;"><span>
</span></span><span style="display:flex;"><span>.<span style="color:#a6e22e">container</span> {
</span></span><span style="display:flex;"><span>  <span style="color:#66d9ef">max-width</span>: <span style="color:#ae81ff">1200</span><span style="color:#66d9ef">px</span>;
</span></span><span style="display:flex;"><span>  <span style="color:#66d9ef">margin</span>: <span style="color:#ae81ff">0</span> <span style="color:#66d9ef">auto</span>;
</span></span><span style="display:flex;"><span>  <span style="color:#66d9ef">padding</span>: <span style="color:#ae81ff">20</span><span style="color:#66d9ef">px</span>;
</span></span><span style="display:flex;"><span>}
</span></span><span style="display:flex;"><span>
</span></span><span style="display:flex;"><span>.<span style="color:#a6e22e">button</span> {
</span></span><span style="display:flex;"><span>  <span style="color:#66d9ef">display</span>: <span style="color:#66d9ef">inline-block</span>;
</span></span><span style="display:flex;"><span>  <span style="color:#66d9ef">padding</span>: <span style="color:#ae81ff">10</span><span style="color:#66d9ef">px</span> <span style="color:#ae81ff">20</span><span style="color:#66d9ef">px</span>;
</span></span><span style="display:flex;"><span>  <span style="color:#66d9ef">background-color</span>: <span style="color:#ae81ff">#3498db</span>;
</span></span><span style="display:flex;"><span>  <span style="color:#66d9ef">color</span>: <span style="color:#66d9ef">white</span>;
</span></span><span style="display:flex;"><span>  <span style="color:#66d9ef">border</span>: <span style="color:#66d9ef">none</span>;
</span></span><span style="display:flex;"><span>  <span style="color:#66d9ef">border-radius</span>: <span style="color:#ae81ff">4</span><span style="color:#66d9ef">px</span>;
</span></span><span style="display:flex;"><span>  <span style="color:#66d9ef">cursor</span>: <span style="color:#66d9ef">pointer</span>;
</span></span><span style="display:flex;"><span>}
</span></span><span style="display:flex;"><span>
</span></span><span style="display:flex;"><span>.<span style="color:#a6e22e">button</span>:<span style="color:#a6e22e">hover</span> {
</span></span><span style="display:flex;"><span>  <span style="color:#66d9ef">background-color</span>: <span style="color:#ae81ff">#2980b9</span>;
</span></span><span style="display:flex;"><span>}
</span></span></code></pre>